// Jest Snapshot v1, https://goo.gl/fbAQLP

exports[`<RepoLink /> should match the snapshot 1`] = `
.c0 {
  color: #41addd;
  height: 100%;
  color: black;
  display: -webkit-box;
  display: -webkit-flex;
  display: -ms-flexbox;
  display: flex;
  font-weight: 600;
  -webkit-align-items: center;
  -webkit-box-align: center;
  -ms-flex-align: center;
  align-items: center;
  width: 100%;
  -webkit-text-decoration: none;
  text-decoration: none;
  color: #a76664;
}

.c0:hover {
  color: #6cc0e5;
}

.c0:hover {
  color: #faa353;
}

<a
  className="c0"
/>
`;
