// Jest Snapshot v1, https://goo.gl/fbAQLP

exports[`<GrabHubSVG /> should match the snapshot 1`] = `
<svg
  viewBox="0 0 100 100"
  xmlns="http://www.w3.org/2000/svg"
>
  <path
    d="M26.2 35.4l-20 12.5v4.2l20 12.5 2.6-4.2L12.2 50l16.6-10.4zM73.8 35.4l-2.6 4.2L87.8 50 71.2 60.4l2.6 4.2 20-12.5v-4.2z"
  />
  <circle
    cx="50"
    cy="50"
    r="5"
  />
  <circle
    cx="65"
    cy="50"
    r="5"
  />
  <circle
    cx="35"
    cy="50"
    r="5"
  />
</svg>
`;
