// Jest Snapshot v1, https://goo.gl/fbAQLP

exports[`<HeaderLink/> should match the snapshot 1`] = `
.c0 {
  display: -webkit-inline-box;
  display: -webkit-inline-flex;
  display: -ms-inline-flexbox;
  display: inline-flex;
  padding: 0.25em 2em;
  margin: 0;
  -webkit-text-decoration: none;
  text-decoration: none;
  border-radius: 4px;
  -webkit-font-smoothing: antialiased;
  -webkit-touch-callout: none;
  -webkit-user-select: none;
  -moz-user-select: none;
  -ms-user-select: none;
  user-select: none;
  cursor: pointer;
  outline: 0;
  font-family: 'Helvetica Neue',Helvetica,Arial,sans-serif;
  font-weight: bold;
  font-size: 16px;
  border: 2px solid #a76664;
  color: #a76664;
}

.c0:hover {
  border-color: #faa353;
  color: #faa353;
}

.c0:active {
  background: #faa353;
  color: #fff;
}

<a
  className="c0"
  href="/whatever"
  onClick={[Function]}
/>
`;
